// Jest Snapshot v1, https://goo.gl/fbAQLP

exports[`view/<ProjectForm /> should render the question header 1`] = `
<div
  className="container-fluid"
>
  <div
    className=""
    data-react-toolbox="card"
  >
    <div
      className="undefined"
    >
      <div>
        <h5
          className={undefined}
        >
          Project
        </h5>
        <p
          className={undefined}
        >
          New Project
        </p>
      </div>
    </div>
    <div
      className=""
    >
      <div
        className="row"
      >
        <div
          className="col-md-2"
        >
          <div
            className=""
            data-react-toolbox="input"
          >
            <input
              className=""
              defaultValue={undefined}
              disabled={false}
              maxLength={undefined}
              name={undefined}
              onChange={[Function]}
              onKeyPress={undefined}
              required={true}
              role="input"
              type="text"
              value=""
            />
            <span
              className={undefined}
            />
            <label
              className=""
            >
              Name
              <span
                className={undefined}
              >
                 * 
              </span>
            </label>
          </div>
        </div>
        <div
          className="col-md-4"
        >
          <div
            className=""
            data-react-toolbox="input"
          >
            <input
              className=""
              defaultValue={undefined}
              disabled={false}
              maxLength={undefined}
              name={undefined}
              onChange={[Function]}
              onKeyPress={undefined}
              required={true}
              role="input"
              type="text"
              value=""
            />
            <span
              className={undefined}
            />
            <label
              className=""
            >
              Description
              <span
                className={undefined}
              >
                 * 
              </span>
            </label>
          </div>
        </div>
        <div
          className="col-md-2"
        >
          <div
            className=""
            data-react-toolbox="input"
          >
            <input
              className=""
              defaultValue={undefined}
              disabled={false}
              maxLength={undefined}
              name={undefined}
              onChange={[Function]}
              onKeyPress={undefined}
              required={true}
              role="input"
              type="text"
              value=""
            />
            <span
              className={undefined}
            />
            <label
              className=""
            >
              Author
              <span
                className={undefined}
              >
                 * 
              </span>
            </label>
          </div>
        </div>
        <div
          className="col-md-4"
        >
          <div
            className=""
            data-react-toolbox="input"
          >
            <input
              className=""
              defaultValue={undefined}
              disabled={false}
              maxLength={undefined}
              name={undefined}
              onChange={[Function]}
              onKeyPress={undefined}
              required={true}
              role="input"
              type="text"
              value=""
            />
            <span
              className={undefined}
            />
            <label
              className=""
            >
              Technologies
              <span
                className={undefined}
              >
                 * 
              </span>
            </label>
          </div>
        </div>
      </div>
      <div
        className="row"
      >
        <div
          className="col-md-2"
        >
          <div
            className=""
            data-react-toolbox="input"
          >
            <input
              className=""
              defaultValue={undefined}
              disabled={false}
              maxLength={undefined}
              name={undefined}
              onChange={[Function]}
              onKeyPress={undefined}
              required={true}
              role="input"
              type="text"
              value=""
            />
            <span
              className={undefined}
            />
            <label
              className=""
            >
              Status
              <span
                className={undefined}
              >
                 * 
              </span>
            </label>
          </div>
        </div>
        <div
          className="col-md-4"
        >
          <div
            className=""
            data-react-toolbox="input"
          >
            <input
              className=""
              defaultValue={undefined}
              disabled={false}
              maxLength={undefined}
              name={undefined}
              onChange={[Function]}
              onKeyPress={undefined}
              required={true}
              role="input"
              type="text"
              value=""
            />
            <span
              className={undefined}
            />
            <label
              className=""
            >
              DEMO Link
              <span
                className={undefined}
              >
                 * 
              </span>
            </label>
          </div>
        </div>
        <div
          className="col-md-3"
        >
          <div
            className=""
            data-react-toolbox="input"
          >
            <input
              className=""
              defaultValue={undefined}
              disabled={false}
              maxLength={undefined}
              name={undefined}
              onChange={[Function]}
              onKeyPress={undefined}
              required={true}
              role="input"
              type="text"
              value=""
            />
            <span
              className={undefined}
            />
            <label
              className=""
            >
              GutHub Link
              <span
                className={undefined}
              >
                 * 
              </span>
            </label>
          </div>
        </div>
        <div
          className="col-md-3"
        >
          <div
            className=""
            data-react-toolbox="input"
          >
            <input
              className=""
              defaultValue={undefined}
              disabled={false}
              maxLength={undefined}
              name={undefined}
              onChange={[Function]}
              onKeyPress={undefined}
              required={true}
              role="input"
              type="text"
              value=""
            />
            <span
              className={undefined}
            />
            <label
              className=""
            >
              Author Profile
              <span
                className={undefined}
              >
                 * 
              </span>
            </label>
          </div>
        </div>
      </div>
      <div
        className="row"
      >
        <div
          className="col-md-offset-5 col-xs-12 col-md-2"
        >
          <button
            className=""
            data-react-toolbox="button"
            disabled={false}
            href={undefined}
            onClick={[Function]}
            onMouseDown={[Function]}
            onMouseLeave={[Function]}
            onMouseUp={[Function]}
            onTouchStart={[Function]}
            type="button"
          >
            Cadastrar
          </button>
        </div>
      </div>
    </div>
  </div>
</div>
`;
